// Jest Snapshot v1, https://goo.gl/fbAQLP

exports[`Cards should render list of pokemons 1`] = `
<div>
  <div
    class="flex flex-wrap gap-10 justify-between"
  >
    <div
      class="rounded-lg bg-slate-100 border-slate-300 border p-5 max-w-md cursor-pointer flex-none w-6/12"
    >
      <div>
        <div
          class="text-2xl"
          data-testid="pokemon-1-name"
        >
          Bulbasaur
        </div>
        <div
          class="flex items-center"
        >
          <div
            class="flex gap-1 flex-col items-start"
          />
          <img
            alt="Bulbasaur"
            aria-label="Bulbasaur"
            class="ml-auto rounded-lg border-slate-300 border p-2 bg-white"
            src="https://raw.githubusercontent.com/PokeAPI/sprites/master/sprites/pokemon/1.png"
            style="max-height: 120px;"
          />
        </div>
      </div>
    </div>
    <div
      class="rounded-lg bg-slate-100 border-slate-300 border p-5 max-w-md cursor-pointer flex-none w-6/12"
    >
      <div>
        <div
          class="text-2xl"
          data-testid="pokemon-2-name"
        >
          Ivysaur
        </div>
        <div
          class="flex items-center"
        >
          <div
            class="flex gap-1 flex-col items-start"
          />
          <img
            alt="Ivysaur"
            aria-label="Ivysaur"
            class="ml-auto rounded-lg border-slate-300 border p-2 bg-white"
            src="https://raw.githubusercontent.com/PokeAPI/sprites/master/sprites/pokemon/2.png"
            style="max-height: 120px;"
          />
        </div>
      </div>
    </div>
  </div>
</div>
`;
